c:\users\kosty\downloads\bdddd\bdddd\bdddd\x64\debug\vc143.pdb
c:\users\kosty\downloads\bdddd\bdddd\bdddd\x64\debug\.netframework,version=v4.7.2.assemblyattributes.obj
c:\users\kosty\downloads\bdddd\bdddd\bdddd\x64\debug\tariff.obj
c:\users\kosty\downloads\bdddd\bdddd\bdddd\x64\debug\mainform.obj
c:\users\kosty\downloads\bdddd\bdddd\bdddd\x64\debug\main.obj
c:\users\kosty\downloads\bdddd\bdddd\bdddd\x64\debug\databasemanager.obj
c:\users\kosty\downloads\bdddd\bdddd\bdddd\x64\debug\client.obj
c:\users\kosty\downloads\bdddd\bdddd\bdddd\x64\debug\call.obj
c:\users\kosty\downloads\bdddd\bdddd\bdddd\x64\debug\addtariffform.obj
c:\users\kosty\downloads\bdddd\bdddd\bdddd\x64\debug\addclientform.obj
c:\users\kosty\downloads\bdddd\bdddd\x64\debug\bdddd.exe
c:\users\kosty\downloads\bdddd\bdddd\x64\debug\bdddd.pdb
c:\users\kosty\downloads\bdddd\bdddd\bdddd\x64\debug\bdddd.tlog\metagen.write.1.tlog
c:\users\kosty\downloads\bdddd\bdddd\bdddd\x64\debug\bdddd.tlog\cl.command.1.tlog
c:\users\kosty\downloads\bdddd\bdddd\bdddd\x64\debug\bdddd.tlog\cl.items.tlog
c:\users\kosty\downloads\bdddd\bdddd\bdddd\x64\debug\bdddd.tlog\cl.read.1.tlog
c:\users\kosty\downloads\bdddd\bdddd\bdddd\x64\debug\bdddd.tlog\cl.write.1.tlog
c:\users\kosty\downloads\bdddd\bdddd\bdddd\x64\debug\bdddd.tlog\link.command.1.tlog
c:\users\kosty\downloads\bdddd\bdddd\bdddd\x64\debug\bdddd.tlog\link.read.1.tlog
c:\users\kosty\downloads\bdddd\bdddd\bdddd\x64\debug\bdddd.tlog\link.secondary.1.tlog
c:\users\kosty\downloads\bdddd\bdddd\bdddd\x64\debug\bdddd.tlog\link.write.1.tlog
c:\users\kosty\downloads\bdddd\bdddd\bdddd\x64\debug\bdddd.tlog\metagen.read.1.tlog
c:\users\kosty\downloads\bdddd\bdddd\bdddd\x64\debug\bdddd.tlog\system.data.sqlite.dll.metagen
